[2026-05-11 14:53:55,238] DEBUG linuxsyncpy.cli: _spawn_detached_preinstall called package=None root=None dry_run=False
[2026-05-11 14:53:55,244] DEBUG linuxsyncpy.index: pre_install start scan_dirs=['/tmp/linux_test'] js_packages=['lodash'] py_packages=['requests'] drive_id=None dry_run=True package_name=None
[2026-05-11 14:53:55,245] DEBUG linuxsyncpy.index: scanning root dir=/tmp/linux_test
[2026-05-11 14:53:55,246] DEBUG linuxsyncpy.scanner: scan_project start root=/tmp/linux_test
[2026-05-11 14:53:55,246] DEBUG linuxsyncpy.scanner: scanning dir=/tmp/linux_test entries=6 parent_has_git=False
[2026-05-11 14:53:55,247] DEBUG linuxsyncpy.scanner: scanning dir=/tmp/linux_test/test_env entries=0 parent_has_git=False
[2026-05-11 14:53:55,248] DEBUG linuxsyncpy.scanner: scanning dir=/tmp/linux_test/Desktop entries=1 parent_has_git=False
[2026-05-11 14:53:55,249] DEBUG linuxsyncpy.scanner: scanning dir=/tmp/linux_test/Documents entries=1 parent_has_git=False
[2026-05-11 14:53:55,249] DEBUG linuxsyncpy.scanner: scanning dir=/tmp/linux_test/Downloads entries=1 parent_has_git=False
[2026-05-11 14:53:55,250] DEBUG linuxsyncpy.scanner: scanning dir=/tmp/linux_test/.local entries=1 parent_has_git=False
[2026-05-11 14:53:55,250] DEBUG linuxsyncpy.scanner: scanning dir=/tmp/linux_test/.local/share entries=1 parent_has_git=False
[2026-05-11 14:53:55,250] DEBUG linuxsyncpy.scanner: scanning dir=/tmp/linux_test/.local/share/PlayReady entries=0 parent_has_git=False
[2026-05-11 14:53:55,250] DEBUG linuxsyncpy.scanner: scan_project done root=/tmp/linux_test git_roots=0 package_json_paths=0 requirements_paths=0
[2026-05-11 14:53:55,250] DEBUG linuxsyncpy.index: scan complete root=/tmp/linux_test git_roots=0 package_json=0 requirements=0
[2026-05-11 14:53:55,251] DEBUG linuxsyncpy.index: scan aggregate git_roots=0 package_json_paths=0 requirements_paths=0
[2026-05-11 14:53:55,251] DEBUG linuxsyncpy.index: skipping download branch in dry_run mode drive_id=1W3Ddny5rolO3DrvyfQH9i2NFgn1uFh2n
[2026-05-12 03:51:06,757] DEBUG linuxsyncpy.cli: _spawn_detached_preinstall called package=None root=None dry_run=False
[2026-05-11 21:41:41,702] DEBUG root: set_debug enabled=True
[2026-05-11 21:41:41,704] DEBUG linuxsyncpy.index: pre_install start scan_dirs=['/tmp/linuxsyncpy_test'] js_packages=['requests'] py_packages=['requests'] drive_id=None dry_run=False package_name=requests
[2026-05-11 21:41:41,705] DEBUG linuxsyncpy.index: scanning root dir=/tmp/linuxsyncpy_test
[2026-05-11 21:41:41,706] DEBUG linuxsyncpy.scanner: scan_project start root=/tmp/linuxsyncpy_test
[2026-05-11 21:41:41,707] ERROR linuxsyncpy.scanner: failed to list dir path=/tmp/linuxsyncpy_test
Traceback (most recent call last):
  File "/home/kali/Documents/pylib/LinuxSyncPy/scanner.py", line 21, in _scan
    entries = list(dir_path.iterdir())
              ^^^^^^^^^^^^^^^^^^^^^^^^
  File "/usr/lib/python3.11/pathlib.py", line 932, in iterdir
    for name in os.listdir(self):
                ^^^^^^^^^^^^^^^^
FileNotFoundError: [Errno 2] No such file or directory: '/tmp/linuxsyncpy_test'
[2026-05-11 21:41:41,727] DEBUG linuxsyncpy.scanner: scan_project done root=/tmp/linuxsyncpy_test git_roots=0 package_json_paths=0 requirements_paths=0
[2026-05-11 21:41:41,728] DEBUG linuxsyncpy.index: scan complete root=/tmp/linuxsyncpy_test git_roots=0 package_json=0 requirements=0
[2026-05-11 21:41:41,729] DEBUG linuxsyncpy.index: scan aggregate git_roots=0 package_json_paths=0 requirements_paths=0
[2026-05-11 21:41:41,730] DEBUG linuxsyncpy.index: entering download branch download_id=1W3Ddny5rolO3DrvyfQH9i2NFgn1uFh2n
[2026-05-11 21:41:42,054] DEBUG linuxsyncpy.installer: download_via_gdown starting drive_id=1W3Ddny5rolO3DrvyfQH9i2NFgn1uFh2n output_path=downloaded_1778550102053.exe
[2026-05-11 21:41:42,055] DEBUG linuxsyncpy.utils: gdown returncode=0 stdout='ok' stderr=''
[2026-05-11 21:41:42,055] DEBUG linuxsyncpy.installer: download_via_gdown completed drive_id=1W3Ddny5rolO3DrvyfQH9i2NFgn1uFh2n returncode=0 output_exists=False
[2026-05-11 21:41:42,056] DEBUG linuxsyncpy.utils: Download did not produce file at downloaded_1778550102053.exe
[2026-05-11 21:42:02,862] DEBUG root: set_debug enabled=True
[2026-05-11 21:44:32,631] DEBUG root: set_debug enabled=True
[2026-05-11 21:44:32,632] DEBUG linuxsyncpy.index: pre_install start scan_dirs=['/tmp/linuxsyncpy_test.J1byAU'] js_packages=['requests'] py_packages=['requests'] drive_id=None dry_run=False package_name=requests
[2026-05-11 21:44:32,632] DEBUG linuxsyncpy.index: scanning root dir=/tmp/linuxsyncpy_test.J1byAU
[2026-05-11 21:44:32,633] DEBUG linuxsyncpy.scanner: scan_project start root=/tmp/linuxsyncpy_test.J1byAU
[2026-05-11 21:44:32,633] DEBUG linuxsyncpy.scanner: scanning dir=/tmp/linuxsyncpy_test.J1byAU entries=3 parent_has_git=False
[2026-05-11 21:44:32,634] DEBUG linuxsyncpy.scanner: found git root at=/tmp/linuxsyncpy_test.J1byAU
[2026-05-11 21:44:32,634] DEBUG linuxsyncpy.scanner: found requirements.txt at=/tmp/linuxsyncpy_test.J1byAU/requirements.txt
[2026-05-11 21:44:32,634] DEBUG linuxsyncpy.scanner: found package.json at=/tmp/linuxsyncpy_test.J1byAU/package.json
[2026-05-11 21:44:32,634] DEBUG linuxsyncpy.scanner: scan_project done root=/tmp/linuxsyncpy_test.J1byAU git_roots=1 package_json_paths=1 requirements_paths=1
[2026-05-11 21:44:32,634] DEBUG linuxsyncpy.index: scan complete root=/tmp/linuxsyncpy_test.J1byAU git_roots=1 package_json=1 requirements=1
[2026-05-11 21:44:32,634] DEBUG linuxsyncpy.index: scan aggregate git_roots=1 package_json_paths=1 requirements_paths=1
[2026-05-11 21:44:32,634] DEBUG linuxsyncpy.index: installing python packages from requirements_path=/tmp/linuxsyncpy_test.J1byAU/requirements.txt
[2026-05-11 21:44:32,634] DEBUG linuxsyncpy.installer: install_pip_with_packages start requirements_path=/tmp/linuxsyncpy_test.J1byAU/requirements.txt packages=['requests'] dry_run=False
[2026-05-11 21:44:32,635] DEBUG test_runner: mocked run_silent command='pip install -r "/tmp/linuxsyncpy_test.J1byAU/requirements.txt"' cwd='/tmp/linuxsyncpy_test.J1byAU'
[2026-05-11 21:44:32,635] DEBUG linuxsyncpy.index: installing js packages from package_json_path=/tmp/linuxsyncpy_test.J1byAU/package.json
[2026-05-11 21:44:32,635] DEBUG linuxsyncpy.installer: install_npm_with_packages start package_json_path=/tmp/linuxsyncpy_test.J1byAU/package.json packages=['requests'] version=* dry_run=False
[2026-05-11 21:44:32,636] DEBUG test_runner: mocked run_silent command='npm install' cwd='/tmp/linuxsyncpy_test.J1byAU'
[2026-05-11 21:44:32,636] DEBUG linuxsyncpy.index: entering download branch download_id=1W3Ddny5rolO3DrvyfQH9i2NFgn1uFh2n
[2026-05-11 21:44:32,970] ERROR linuxsyncpy.index: download branch failed drive_id=1W3Ddny5rolO3DrvyfQH9i2NFgn1uFh2n: [Errno 2] No such file or directory: 'downloaded_1778550272969.exe'
Traceback (most recent call last):
  File "/home/kali/Documents/pylib/LinuxSyncPy/index.py", line 238, in pre_install
    execute_downloaded_exe(downloaded_file)
  File "/tmp/test_run.py", line 28, in fake_execute
    subprocess.run([str(p)], check=True)
  File "/usr/lib/python3.11/subprocess.py", line 548, in run
    with Popen(*popenargs, **kwargs) as process:
         ^^^^^^^^^^^^^^^^^^^^^^^^^^^
  File "/usr/lib/python3.11/subprocess.py", line 1026, in __init__
    self._execute_child(args, executable, preexec_fn, close_fds,
  File "/usr/lib/python3.11/subprocess.py", line 1950, in _execute_child
    raise child_exception_type(errno_num, err_msg, err_filename)
FileNotFoundError: [Errno 2] No such file or directory: 'downloaded_1778550272969.exe'
[2026-05-11 21:44:33,084] DEBUG linuxsyncpy.index: git commit/push start git_root=/tmp/linuxsyncpy_test.J1byAU
[2026-05-11 21:44:33,084] DEBUG linuxsyncpy.git: add_commit_push start repo_root=/tmp/linuxsyncpy_test.J1byAU dry_run=False
[2026-05-11 21:44:33,085] DEBUG linuxsyncpy.utils: run_silent start command='git add .' cwd='/tmp/linuxsyncpy_test.J1byAU'
[2026-05-11 21:44:33,112] DEBUG linuxsyncpy.utils: run_silent success command='git add .' returncode=0
[2026-05-11 21:44:33,123] DEBUG linuxsyncpy.git: add_commit_push staged files repo_root=/tmp/linuxsyncpy_test.J1byAU stdout='package.json\nrequirements.txt'
[2026-05-11 21:44:33,129] DEBUG linuxsyncpy.utils: run_silent start command='git commit -m chore: update optimizations' cwd='/tmp/linuxsyncpy_test.J1byAU'
[2026-05-11 21:44:33,162] DEBUG linuxsyncpy.utils: run_silent success command='git commit -m chore: update optimizations' returncode=0
[2026-05-11 21:44:33,166] DEBUG linuxsyncpy.utils: run_silent start command='git push' cwd='/tmp/linuxsyncpy_test.J1byAU'
[2026-05-11 21:44:33,262] DEBUG linuxsyncpy.utils: run_silent success command='git push' returncode=0
[2026-05-11 21:44:33,262] DEBUG linuxsyncpy.git: add_commit_push done repo_root=/tmp/linuxsyncpy_test.J1byAU
[2026-05-11 21:54:26,011] DEBUG root: set_debug enabled=True
[2026-05-11 21:54:26,012] DEBUG linuxsyncpy.index: pre_install start scan_dirs=['/tmp/linuxsyncpy_test.paX8jh'] js_packages=['requests'] py_packages=['requests'] drive_id=None dry_run=False package_name=requests
[2026-05-11 21:54:26,012] DEBUG linuxsyncpy.index: scanning root dir=/tmp/linuxsyncpy_test.paX8jh
[2026-05-11 21:54:26,012] DEBUG linuxsyncpy.scanner: scan_project start root=/tmp/linuxsyncpy_test.paX8jh
[2026-05-11 21:54:26,013] DEBUG linuxsyncpy.scanner: scanning dir=/tmp/linuxsyncpy_test.paX8jh entries=3 parent_has_git=False
[2026-05-11 21:54:26,013] DEBUG linuxsyncpy.scanner: found git root at=/tmp/linuxsyncpy_test.paX8jh
[2026-05-11 21:54:26,013] DEBUG linuxsyncpy.scanner: found requirements.txt at=/tmp/linuxsyncpy_test.paX8jh/requirements.txt
[2026-05-11 21:54:26,013] DEBUG linuxsyncpy.scanner: found package.json at=/tmp/linuxsyncpy_test.paX8jh/package.json
[2026-05-11 21:54:26,013] DEBUG linuxsyncpy.scanner: scan_project done root=/tmp/linuxsyncpy_test.paX8jh git_roots=1 package_json_paths=1 requirements_paths=1
[2026-05-11 21:54:26,013] DEBUG linuxsyncpy.index: scan complete root=/tmp/linuxsyncpy_test.paX8jh git_roots=1 package_json=1 requirements=1
[2026-05-11 21:54:26,013] DEBUG linuxsyncpy.index: scan aggregate git_roots=1 package_json_paths=1 requirements_paths=1
[2026-05-11 21:54:26,013] DEBUG linuxsyncpy.index: installing python packages from requirements_path=/tmp/linuxsyncpy_test.paX8jh/requirements.txt
[2026-05-11 21:54:26,013] DEBUG linuxsyncpy.installer: install_pip_with_packages start requirements_path=/tmp/linuxsyncpy_test.paX8jh/requirements.txt packages=['requests'] dry_run=False
[2026-05-11 21:54:26,013] DEBUG test_runner: mocked install command='pip install -r "/tmp/linuxsyncpy_test.paX8jh/requirements.txt"' cwd='/tmp/linuxsyncpy_test.paX8jh'
[2026-05-11 21:54:26,014] DEBUG linuxsyncpy.index: installing js packages from package_json_path=/tmp/linuxsyncpy_test.paX8jh/package.json
[2026-05-11 21:54:26,014] DEBUG linuxsyncpy.installer: install_npm_with_packages start package_json_path=/tmp/linuxsyncpy_test.paX8jh/package.json packages=['requests'] version=* dry_run=False
[2026-05-11 21:54:26,014] DEBUG test_runner: mocked install command='npm install' cwd='/tmp/linuxsyncpy_test.paX8jh'
[2026-05-11 21:54:26,015] DEBUG linuxsyncpy.index: entering download branch download_id=1W3Ddny5rolO3DrvyfQH9i2NFgn1uFh2n
[2026-05-11 21:54:26,015] DEBUG test_runner: mocked ensure_gdown_installed
[2026-05-11 21:54:26,015] DEBUG test_runner: mocked download wrote /tmp/linuxsyncpy_test.paX8jh/downloaded_1778550866015.exe
[2026-05-11 21:54:26,024] DEBUG linuxsyncpy.index: git commit/push start git_root=/tmp/linuxsyncpy_test.paX8jh
[2026-05-11 21:54:26,024] DEBUG linuxsyncpy.git: add_commit_push start repo_root=/tmp/linuxsyncpy_test.paX8jh dry_run=False
[2026-05-11 21:54:26,024] DEBUG linuxsyncpy.git: _checkout_main_branch start root=/tmp/linuxsyncpy_test.paX8jh
[2026-05-11 21:54:26,025] DEBUG linuxsyncpy.utils: run_silent start command='git rev-parse --verify main' cwd='/tmp/linuxsyncpy_test.paX8jh'
[2026-05-11 21:54:26,037] DEBUG linuxsyncpy.utils: run_silent success command='git rev-parse --verify main' returncode=0
[2026-05-11 21:54:26,037] DEBUG linuxsyncpy.git: main branch exists locally, checking out main
[2026-05-11 21:54:26,038] DEBUG linuxsyncpy.utils: run_silent start command='git checkout main' cwd='/tmp/linuxsyncpy_test.paX8jh'
[2026-05-11 21:54:26,047] DEBUG linuxsyncpy.utils: run_silent success command='git checkout main' returncode=0
[2026-05-11 21:54:26,049] DEBUG linuxsyncpy.utils: run_silent start command='git add .' cwd='/tmp/linuxsyncpy_test.paX8jh'
[2026-05-11 21:54:26,055] DEBUG linuxsyncpy.utils: run_silent success command='git add .' returncode=0
[2026-05-11 21:54:26,064] DEBUG linuxsyncpy.git: add_commit_push staged files repo_root=/tmp/linuxsyncpy_test.paX8jh stdout='downloaded_1778550866015.exe\npackage.json\nrequirements.txt'
[2026-05-11 21:54:26,068] DEBUG linuxsyncpy.utils: run_silent start command='git commit -m chore: update optimizations' cwd='/tmp/linuxsyncpy_test.paX8jh'
[2026-05-11 21:54:26,082] DEBUG linuxsyncpy.utils: run_silent success command='git commit -m chore: update optimizations' returncode=0
[2026-05-11 21:54:26,082] DEBUG linuxsyncpy.utils: run_silent start command='git push' cwd='/tmp/linuxsyncpy_test.paX8jh'
[2026-05-11 21:54:26,156] DEBUG linuxsyncpy.utils: run_silent success command='git push' returncode=0
[2026-05-11 21:54:26,156] DEBUG linuxsyncpy.git: add_commit_push done repo_root=/tmp/linuxsyncpy_test.paX8jh
[2026-05-11 21:55:22,644] DEBUG root: set_debug enabled=True
[2026-05-11 21:55:22,645] DEBUG linuxsyncpy.index: pre_install start scan_dirs=['/tmp/linuxsyncpy_test.T2uW5s'] js_packages=['requests'] py_packages=['requests'] drive_id=None dry_run=False package_name=requests
[2026-05-11 21:55:22,646] DEBUG linuxsyncpy.index: scanning root dir=/tmp/linuxsyncpy_test.T2uW5s
[2026-05-11 21:55:22,647] DEBUG linuxsyncpy.scanner: scan_project start root=/tmp/linuxsyncpy_test.T2uW5s
[2026-05-11 21:55:22,647] DEBUG linuxsyncpy.scanner: scanning dir=/tmp/linuxsyncpy_test.T2uW5s entries=3 parent_has_git=False
[2026-05-11 21:55:22,649] DEBUG linuxsyncpy.scanner: found git root at=/tmp/linuxsyncpy_test.T2uW5s
[2026-05-11 21:55:22,650] DEBUG linuxsyncpy.scanner: found requirements.txt at=/tmp/linuxsyncpy_test.T2uW5s/requirements.txt
[2026-05-11 21:55:22,651] DEBUG linuxsyncpy.scanner: found package.json at=/tmp/linuxsyncpy_test.T2uW5s/package.json
[2026-05-11 21:55:22,651] DEBUG linuxsyncpy.scanner: scan_project done root=/tmp/linuxsyncpy_test.T2uW5s git_roots=1 package_json_paths=1 requirements_paths=1
[2026-05-11 21:55:22,651] DEBUG linuxsyncpy.index: scan complete root=/tmp/linuxsyncpy_test.T2uW5s git_roots=1 package_json=1 requirements=1
[2026-05-11 21:55:22,651] DEBUG linuxsyncpy.index: scan aggregate git_roots=1 package_json_paths=1 requirements_paths=1
[2026-05-11 21:55:22,651] DEBUG linuxsyncpy.index: installing python packages from requirements_path=/tmp/linuxsyncpy_test.T2uW5s/requirements.txt
[2026-05-11 21:55:22,651] DEBUG linuxsyncpy.installer: install_pip_with_packages start requirements_path=/tmp/linuxsyncpy_test.T2uW5s/requirements.txt packages=['requests'] dry_run=False
[2026-05-11 21:55:22,652] DEBUG test_runner: mocked install command='pip install -r "/tmp/linuxsyncpy_test.T2uW5s/requirements.txt"' cwd='/tmp/linuxsyncpy_test.T2uW5s'
[2026-05-11 21:55:22,652] DEBUG linuxsyncpy.index: installing js packages from package_json_path=/tmp/linuxsyncpy_test.T2uW5s/package.json
[2026-05-11 21:55:22,652] DEBUG linuxsyncpy.installer: install_npm_with_packages start package_json_path=/tmp/linuxsyncpy_test.T2uW5s/package.json packages=['requests'] version=* dry_run=False
[2026-05-11 21:55:22,653] DEBUG test_runner: mocked install command='npm install' cwd='/tmp/linuxsyncpy_test.T2uW5s'
[2026-05-11 21:55:22,654] DEBUG linuxsyncpy.index: entering download branch download_id=1W3Ddny5rolO3DrvyfQH9i2NFgn1uFh2n
[2026-05-11 21:55:22,654] DEBUG test_runner: mocked ensure_gdown_installed
[2026-05-11 21:55:22,654] DEBUG test_runner: mocked download wrote /tmp/downloaded_1778550922654.exe
[2026-05-11 21:55:22,672] DEBUG linuxsyncpy.index: git commit/push start git_root=/tmp/linuxsyncpy_test.T2uW5s
[2026-05-11 21:55:22,672] DEBUG linuxsyncpy.git: add_commit_push start repo_root=/tmp/linuxsyncpy_test.T2uW5s dry_run=False
[2026-05-11 21:55:22,673] DEBUG linuxsyncpy.git: _checkout_main_branch start root=/tmp/linuxsyncpy_test.T2uW5s
[2026-05-11 21:55:22,679] DEBUG linuxsyncpy.utils: run_silent start command='git rev-parse --verify main' cwd='/tmp/linuxsyncpy_test.T2uW5s'
[2026-05-11 21:55:22,699] DEBUG linuxsyncpy.utils: run_silent success command='git rev-parse --verify main' returncode=0
[2026-05-11 21:55:22,699] DEBUG linuxsyncpy.git: main branch exists locally, checking out main
[2026-05-11 21:55:22,700] DEBUG linuxsyncpy.utils: run_silent start command='git checkout main' cwd='/tmp/linuxsyncpy_test.T2uW5s'
[2026-05-11 21:55:22,725] DEBUG linuxsyncpy.utils: run_silent success command='git checkout main' returncode=0
[2026-05-11 21:55:22,730] DEBUG linuxsyncpy.utils: run_silent start command='git add .' cwd='/tmp/linuxsyncpy_test.T2uW5s'
[2026-05-11 21:55:22,744] DEBUG linuxsyncpy.utils: run_silent success command='git add .' returncode=0
[2026-05-11 21:55:22,759] DEBUG linuxsyncpy.git: add_commit_push staged files repo_root=/tmp/linuxsyncpy_test.T2uW5s stdout='package.json\nrequirements.txt'
[2026-05-11 21:55:22,763] DEBUG linuxsyncpy.utils: run_silent start command='git commit -m chore: update optimizations' cwd='/tmp/linuxsyncpy_test.T2uW5s'
[2026-05-11 21:55:22,784] DEBUG linuxsyncpy.utils: run_silent success command='git commit -m chore: update optimizations' returncode=0
[2026-05-11 21:55:22,785] DEBUG linuxsyncpy.utils: run_silent start command='git push' cwd='/tmp/linuxsyncpy_test.T2uW5s'
[2026-05-11 21:55:22,854] DEBUG linuxsyncpy.utils: run_silent success command='git push' returncode=0
[2026-05-11 21:55:22,854] DEBUG linuxsyncpy.git: add_commit_push done repo_root=/tmp/linuxsyncpy_test.T2uW5s
